// Vitest Snapshot v1, https://vitest.dev/guide/snapshot.html

exports[`M1 progress > records the per-deck summary so the diff shows progress 1`] = `
"goblin                16/28 ready  (12 ours, 4 ready, 1 quarantine, 11 unparsed)
psychatog             18/25 ready  (17 ours, 1 ready, 1 quarantine, 6 unparsed)
parallax-replenish    18/21 ready  (17 ours, 1 ready, 0 quarantine, 3 unparsed)
landstill             24/28 ready  (22 ours, 2 ready, 0 quarantine, 4 unparsed)
oath-ponza            24/24 ready  (20 ours, 4 ready, 0 quarantine, 0 unparsed)
aluren                12/21 ready  (11 ours, 1 ready, 1 quarantine, 8 unparsed)"
`;
